trying 8 numbers
(1729 4104 13832 20683 32832 39312 40033 46683 ...)
