trying (pfs 2 11 79)
(2 4 8 11 16 22 32 44 64 79 ...)
