trying (pfs 2 3 7 23)
(2 3 4 6 7 8 9 12 14 16 18 21 23 24 27 28 32 ...)
