trying (twinPrimes 6)
((2 3) (2 5) (2 7) (3 5) (3 7) (5 7) (5 11) (7 11) (7 13) (11 13) (11 17) (13 17) (13 19) (17 19) (17 23) (19 23) (23 29) (29 31) (31 37) (37 41) (37 43) (41 43) (41 47) (43 47) (47 53) (53 59) (59 61) ...)
