trying (pfs 3 23)
(3 9 23 27 69 81 207 243 529 621 729 1587 1863 2187 4761 5589 6561 12167 14283 16767 19683 36501 42849 ...)
